c:\users\utilisateur\documents\isicg2\code\m3d_isicg-master\m3d_isicg\x64\release\vc143.pdb
c:\users\utilisateur\documents\isicg2\code\m3d_isicg-master\m3d_isicg\x64\release\gl3w.obj
c:\users\utilisateur\documents\isicg2\code\m3d_isicg-master\m3d_isicg\x64\release\lab_work_projet.obj
c:\users\utilisateur\documents\isicg2\code\m3d_isicg-master\m3d_isicg\x64\release\bloom.obj
c:\users\utilisateur\documents\isicg2\code\m3d_isicg-master\m3d_isicg\x64\release\lab_work_6.obj
c:\users\utilisateur\documents\isicg2\code\m3d_isicg-master\m3d_isicg\x64\release\lab_work_5.obj
c:\users\utilisateur\documents\isicg2\code\m3d_isicg-master\m3d_isicg\x64\release\lab_work_4.obj
c:\users\utilisateur\documents\isicg2\code\m3d_isicg-master\m3d_isicg\x64\release\lab_work_3.obj
c:\users\utilisateur\documents\isicg2\code\m3d_isicg-master\m3d_isicg\x64\release\lab_work_2.obj
c:\users\utilisateur\documents\isicg2\code\m3d_isicg-master\m3d_isicg\x64\release\lab_work_manager.obj
c:\users\utilisateur\documents\isicg2\code\m3d_isicg-master\m3d_isicg\x64\release\lab_work_1.obj
c:\users\utilisateur\documents\isicg2\code\m3d_isicg-master\m3d_isicg\x64\release\triangle_mesh_model.obj
c:\users\utilisateur\documents\isicg2\code\m3d_isicg-master\m3d_isicg\x64\release\triangle_mesh.obj
c:\users\utilisateur\documents\isicg2\code\m3d_isicg-master\m3d_isicg\x64\release\skybox_model.obj
c:\users\utilisateur\documents\isicg2\code\m3d_isicg-master\m3d_isicg\x64\release\camera.obj
c:\users\utilisateur\documents\isicg2\code\m3d_isicg-master\m3d_isicg\x64\release\application.obj
c:\users\utilisateur\documents\isicg2\code\m3d_isicg-master\m3d_isicg\x64\release\imgui_widgets.obj
c:\users\utilisateur\documents\isicg2\code\m3d_isicg-master\m3d_isicg\x64\release\imgui_tables.obj
c:\users\utilisateur\documents\isicg2\code\m3d_isicg-master\m3d_isicg\x64\release\imgui_draw.obj
c:\users\utilisateur\documents\isicg2\code\m3d_isicg-master\m3d_isicg\x64\release\imgui.obj
c:\users\utilisateur\documents\isicg2\code\m3d_isicg-master\m3d_isicg\x64\release\imgui_impl_sdl.obj
c:\users\utilisateur\documents\isicg2\code\m3d_isicg-master\m3d_isicg\x64\release\imgui_impl_opengl3.obj
c:\users\utilisateur\documents\isicg2\code\m3d_isicg-master\m3d_isicg\x64\release\image.obj
c:\users\utilisateur\documents\isicg2\code\m3d_isicg-master\m3d_isicg\x64\release\main.obj
c:\users\utilisateur\documents\isicg2\code\m3d_isicg-master\m3d_isicg\x64\release\shadow_map.obj
c:\users\utilisateur\documents\isicg2\code\m3d_isicg-master\x64\release\m3d_isicg.exe
c:\users\utilisateur\documents\isicg2\code\m3d_isicg-master\x64\release\m3d_isicg.pdb
c:\users\utilisateur\documents\isicg2\code\m3d_isicg-master\m3d_isicg\x64\release\m3d_isicg.ipdb
c:\users\utilisateur\documents\isicg2\code\m3d_isicg-master\m3d_isicg\x64\release\m3d_isicg.iobj
c:\users\utilisateur\documents\isicg2\code\m3d_isicg-master\m3d_isicg\x64\release\m3d_isicg.tlog\cl.command.1.tlog
c:\users\utilisateur\documents\isicg2\code\m3d_isicg-master\m3d_isicg\x64\release\m3d_isicg.tlog\cl.items.tlog
c:\users\utilisateur\documents\isicg2\code\m3d_isicg-master\m3d_isicg\x64\release\m3d_isicg.tlog\cl.read.1.tlog
c:\users\utilisateur\documents\isicg2\code\m3d_isicg-master\m3d_isicg\x64\release\m3d_isicg.tlog\cl.write.1.tlog
c:\users\utilisateur\documents\isicg2\code\m3d_isicg-master\m3d_isicg\x64\release\m3d_isicg.tlog\link.command.1.tlog
c:\users\utilisateur\documents\isicg2\code\m3d_isicg-master\m3d_isicg\x64\release\m3d_isicg.tlog\link.read.1.tlog
c:\users\utilisateur\documents\isicg2\code\m3d_isicg-master\m3d_isicg\x64\release\m3d_isicg.tlog\link.secondary.1.tlog
c:\users\utilisateur\documents\isicg2\code\m3d_isicg-master\m3d_isicg\x64\release\m3d_isicg.tlog\link.write.1.tlog
